14:11:25 **** Build of configuration Debug for project TF_Termometro2 ****
make -j4 all 
arm-none-eabi-size   TF_Termometro2.elf 
   text	   data	    bss	    dec	    hex	filename
  31356	    488	   2104	  33948	   849c	TF_Termometro2.elf
Finished building: default.size.stdout
 
14:22:31 **** Build of configuration Debug for project TF_Termometro2 ****
make -j4 all 
arm-none-eabi-size   TF_Termometro2.elf 
   text	   data	    bss	    dec	    hex	filename
  31356	    488	   2104	  33948	   849c	TF_Termometro2.elf
Finished building: default.size.stdout
 
14:24:35 **** Incremental Build of configuration Debug for project TF_Termometro2 ****
make -j4 all 
arm-none-eabi-size   TF_Termometro2.elf 
   text	   data	    bss	    dec	    hex	filename
  31356	    488	   2104	  33948	   849c	TF_Termometro2.elf
Finished building: default.size.stdout
 
