11:46:37 **** Incremental Build of configuration Debug for project TF_Termometro2 ****
make -j4 all 
arm-none-eabi-gcc "../Core/API/Src/FSM_termometro.c" -mcpu=cortex-m4 -std=gnu11 -g3 -DDEBUG -DUSE_HAL_DRIVER -DSTM32F429xx -c -I../Core/Inc -I../Drivers/STM32F4xx_HAL_Driver/Inc -I../Drivers/STM32F4xx_HAL_Driver/Inc/Legacy -I../Drivers/CMSIS/Device/ST/STM32F4xx/Include -I../Drivers/CMSIS/Include -I"/home/rome/STM32CubeIDE/workspace_1.12.1/RaulRomero_workspace/TF_Termometro2/Core/API/Inc" -I"/home/rome/STM32CubeIDE/workspace_1.12.1/RaulRomero_workspace/TF_Termometro2/Core/API" -O0 -ffunction-sections -fdata-sections -Wall -fstack-usage -fcyclomatic-complexity -MMD -MP -MF"Core/API/Src/FSM_termometro.d" -MT"Core/API/Src/FSM_termometro.o" --specs=nano.specs -mfpu=fpv4-sp-d16 -mfloat-abi=hard -mthumb -o "Core/API/Src/FSM_termometro.o"
arm-none-eabi-gcc -o "TF_Termometro2.elf" @"objects.list"   -mcpu=cortex-m4 -T"/home/rome/STM32CubeIDE/workspace_1.12.1/RaulRomero_workspace/TF_Termometro2/STM32F429ZITX_FLASH.ld" --specs=nosys.specs -Wl,-Map="TF_Termometro2.map" -Wl,--gc-sections -static --specs=nano.specs -mfpu=fpv4-sp-d16 -mfloat-abi=hard -mthumb -u _printf_float -Wl,--start-group -lc -lm -Wl,--end-group
Finished building target: TF_Termometro2.elf
 
arm-none-eabi-size   TF_Termometro2.elf 
arm-none-eabi-objdump -h -S  TF_Termometro2.elf  > "TF_Termometro2.list"
   text	   data	    bss	    dec	    hex	filename
  31292	    488	   2096	  33876	   8454	TF_Termometro2.elf
Finished building: default.size.stdout
 
Finished building: TF_Termometro2.list
 

11:46:40 Build Finished. 0 errors, 0 warnings. (took 2s.487ms)

