17:36:41 **** Incremental Build of configuration Debug for project TP1_2 ****
make -j4 all 
arm-none-eabi-gcc "../Src/main.c" -mcpu=cortex-m4 -std=gnu11 -g3 -DDEBUG -DSTM32 -DSTM32F429ZITx -DSTM32F4 -DNUCLEO_F429ZI -DUSE_HAL_DRIVER -DSTM32F429xx -c -I../Inc -I"/home/rome/STM32CubeIDE/workspace_1.12.1/RaulRomero_workspace/TP1_2/Drivers/STM32F4xx_HAL_Driver/Inc" -I"/home/rome/STM32CubeIDE/workspace_1.12.1/RaulRomero_workspace/TP1_2/Drivers/CMSIS/Include" -I"/home/rome/STM32CubeIDE/workspace_1.12.1/RaulRomero_workspace/TP1_2/Drivers/CMSIS/Device/ST/STM32F4xx/Include" -I"/home/rome/STM32CubeIDE/workspace_1.12.1/RaulRomero_workspace/TP1_2/Drivers/BSP/STM32F4xx_Nucleo_144" -I"/home/rome/STM32CubeIDE/workspace_1.12.1/RaulRomero_workspace/TP1_2/Drivers/Core/Inc" -O0 -ffunction-sections -fdata-sections -Wall -fstack-usage -fcyclomatic-complexity -MMD -MP -MF"Src/main.d" -MT"Src/main.o" --specs=nano.specs -mfpu=fpv4-sp-d16 -mfloat-abi=hard -mthumb -o "Src/main.o"
arm-none-eabi-gcc -o "TP1_2.elf" @"objects.list"   -mcpu=cortex-m4 -T"/home/rome/STM32CubeIDE/workspace_1.12.1/RaulRomero_workspace/TP1_2/STM32F429ZITX_FLASH.ld" --specs=nosys.specs -Wl,-Map="TP1_2.map" -Wl,--gc-sections -static --specs=nano.specs -mfpu=fpv4-sp-d16 -mfloat-abi=hard -mthumb -Wl,--start-group -lc -lm -Wl,--end-group
Finished building target: TP1_2.elf
 
arm-none-eabi-size   TP1_2.elf 
arm-none-eabi-objdump -h -S  TP1_2.elf  > "TP1_2.list"
   text	   data	    bss	    dec	    hex	filename
   6824	     36	   1572	   8432	   20f0	TP1_2.elf
Finished building: default.size.stdout
 
Finished building: TP1_2.list
 

17:36:44 Build Finished. 0 errors, 0 warnings. (took 2s.963ms)

